World Cup 2026 Predictor — Phase 4: Monte Carlo Simulator
=================================================================
  Groups : 12  |  Teams per group : 4  |  Total teams : 48
  Format : Group stage → R32 → R16 → QF → SF → Final
  Sims   : 10,000

[1/4] Loading model and team stats ...
   H2H pairwise cache built: 2,256 ordered pairs (6 features each)
   Model loaded: wc2026_model.pkl
   Teams in stats: 320
   WC teams with stats   : 41
   WC teams using avg    : ['TBD-UEPD', 'TBD-UEPA', 'TBD-UEPC', 'Curacao', 'TBD-UEPB', 'TBD-FP02', 'TBD-FP01']

[2/4] Running Monte Carlo simulations ...

   Building probability cache for 48 teams ...
   Cache built: 2,256 team-pair probabilities
   Running 10,000 simulations ...

      10%  (1,000/10,000)   Top 3 → Brazil: 11.4%  |  Spain: 9.3%  |  Netherlands: 5.5%
      20%  (2,000/10,000)   Top 3 → Brazil: 11.2%  |  Spain: 9.3%  |  Netherlands: 5.9%
      30%  (3,000/10,000)   Top 3 → Brazil: 11.7%  |  Spain: 9.6%  |  Netherlands: 5.9%
      40%  (4,000/10,000)   Top 3 → Brazil: 11.7%  |  Spain: 10.0%  |  Netherlands: 6.1%
      50%  (5,000/10,000)   Top 3 → Brazil: 11.6%  |  Spain: 10.0%  |  Netherlands: 6.1%
      60%  (6,000/10,000)   Top 3 → Brazil: 11.5%  |  Spain: 10.1%  |  Netherlands: 6.1%
      70%  (7,000/10,000)   Top 3 → Brazil: 11.6%  |  Spain: 9.8%  |  Netherlands: 6.2%
      80%  (8,000/10,000)   Top 3 → Brazil: 11.6%  |  Spain: 9.8%  |  Netherlands: 6.1%
      90%  (9,000/10,000)   Top 3 → Brazil: 11.6%  |  Spain: 9.9%  |  Netherlands: 6.1%

   100%  (10,000/10,000)  Done.

   Completed in 12.8 seconds

[3/4] Formatting results ...

[4/4] Saving results ...

   Saved: simulation_results.json  (14 KB, 48 teams)

==========================================================================================
WORLD CUP 2026 WIN PROBABILITIES — TOP 16
==========================================================================================

  #    Team                 Win%  Final%  Semi%    QF%  R16%  Group exit%  Exp Gls
  ────────────────────────────────────────────────────────────────────────────────────────
  1    Brazil              11.4%    20.4%   31.9%   47.6%  70.9%         2.6%     7.85
  2    Spain                9.8%    17.3%   28.8%   43.8%  63.5%         5.3%     7.36
  3    Netherlands          6.1%    11.0%   18.0%   30.1%  52.0%        20.0%     6.00
  4    Germany              5.2%     9.4%   17.8%   30.5%  52.2%        15.8%     5.65
  5    England              5.0%     9.6%   19.3%   31.3%  52.2%        13.6%     5.19
  6    Portugal             3.8%     7.4%   13.6%   24.3%  38.4%        33.7%     5.04
  7    France               3.6%     5.7%    9.9%   18.0%  32.4%        53.0%     4.31
  8    Argentina            3.6%     6.6%   12.8%   24.4%  44.6%        26.2%     4.32
  9    TBD-UEPC             2.9%     5.3%    9.9%   18.8%  36.6%        30.0%     4.97
  10   TBD-FP01             2.8%     5.4%   10.1%   18.8%  36.7%        30.5%     5.01
  11   TBD-UEPB             2.6%     4.8%    9.2%   18.1%  35.0%        31.9%     4.79
  12   TBD-UEPA             2.5%     5.0%    9.5%   17.9%  34.6%        32.0%     4.72
  13   TBD-FP02             2.5%     4.9%    9.5%   18.3%  35.4%        29.7%     5.27
  14   TBD-UEPD             2.4%     4.7%    9.4%   17.7%  35.6%        32.0%     4.40
  15   Senegal              2.4%     5.6%   12.4%   22.4%  43.7%         8.2%     6.21
  16   Croatia              2.3%     5.2%    9.3%   19.0%  35.2%        44.4%     3.70

  Based on 10,000 Monte Carlo simulations
==========================================================================================

=================================================================
Phase 4 complete.
  Results file : simulation_results.json
  Simulations  : 10,000
  Runtime      : 12.8s
=================================================================

Next command: python wc2026_simulator.py
Say 'next' when ready for Phase 5 — Node.js API
